{"duration":949.2,"eventcount":5,"user_id":"\u003cnull\u003e"}
{"duration":0,"eventcount":1,"user_id":"usr-2001"}
{"duration":0,"eventcount":1,"user_id":"usr-2002"}
{"duration":0,"eventcount":1,"user_id":"usr-2003"}
{"duration":0,"eventcount":1,"user_id":"usr-2004"}
{"duration":0,"eventcount":1,"user_id":"usr-2005"}
{"duration":0,"eventcount":1,"user_id":"usr-2006"}
{"duration":0,"eventcount":1,"user_id":"usr-2007"}
