{"duration":949.2,"eventcount":5,"user_id":"\u003cnull\u003e"}
{"duration":8277.355,"eventcount":5,"user_id":"usr-1001"}
{"duration":8095.3,"eventcount":5,"user_id":"usr-1003"}
{"duration":3899.6,"eventcount":4,"user_id":"usr-1005"}
{"duration":0,"eventcount":1,"user_id":"usr-2001"}
{"duration":0,"eventcount":1,"user_id":"usr-2002"}
{"duration":0,"eventcount":1,"user_id":"usr-2003"}
{"duration":0,"eventcount":1,"user_id":"usr-2004"}
{"duration":0,"eventcount":1,"user_id":"usr-2005"}
{"duration":0,"eventcount":1,"user_id":"usr-2006"}
{"duration":0,"eventcount":1,"user_id":"usr-2007"}
