{"_outlier":false,"_raw":"{\"timestamp\":\"2026-02-10T08:12:03.045Z\",\"level\":\"INFO\",\"service\":\"user-service\",\"instance\":\"user-svc-pod-7a3b\",\"trace_id\":\"t-abc001\",\"span_id\":\"s-001\",\"user_id\":\"usr-1001\",\"method\":\"GET\",\"path\":\"/api/v2/users/profile\",\"status\":200,\"duration_ms\":28,\"memory_mb\":245.3,\"cpu_pct\":12.4,\"message\":\"Profile fetched successfully\"}","_score":0,"_source":"http","_sourcetype":"raw","_time":"2026-02-10T08:12:03.045Z","index":"backend"}
{"_outlier":false,"_raw":"{\"timestamp\":\"2026-02-10T08:15:22.100Z\",\"level\":\"INFO\",\"service\":\"user-service\",\"instance\":\"user-svc-pod-7a3b\",\"trace_id\":\"t-abc002\",\"span_id\":\"s-002\",\"user_id\":\"usr-1001\",\"method\":\"POST\",\"path\":\"/api/v2/users/settings\",\"status\":200,\"duration_ms\":45,\"memory_mb\":248.1,\"cpu_pct\":15.2,\"message\":\"Settings updated\"}","_score":0,"_source":"http","_sourcetype":"raw","_time":"2026-02-10T08:15:22.1Z","index":"backend"}
{"_outlier":false,"_raw":"{\"timestamp\":\"2026-02-10T08:20:01.100Z\",\"level\":\"ERROR\",\"service\":\"payment-service\",\"instance\":\"pay-svc-pod-5e6f\",\"trace_id\":\"t-abc021\",\"span_id\":\"s-021\",\"user_id\":\"usr-2004\",\"method\":\"POST\",\"path\":\"/webhooks/stripe\",\"status\":500,\"duration_ms\":5230,\"memory_mb\":870.5,\"cpu_pct\":92.1,\"error\":\"Webhook handler timeout\",\"message\":\"Stripe webhook processing failed\"}","_score":0,"_source":"http","_sourcetype":"raw","_time":"2026-02-10T08:20:01.1Z","index":"backend"}
{"_outlier":false,"_raw":"{\"timestamp\":\"2026-02-10T08:20:15.200Z\",\"level\":\"ERROR\",\"service\":\"payment-service\",\"instance\":\"pay-svc-pod-5e6f\",\"trace_id\":\"t-abc022\",\"span_id\":\"s-022\",\"user_id\":\"usr-2005\",\"method\":\"POST\",\"path\":\"/webhooks/stripe\",\"status\":500,\"duration_ms\":5110,\"memory_mb\":875.2,\"cpu_pct\":93.5,\"error\":\"Webhook handler timeout\",\"message\":\"Stripe webhook processing failed\"}","_score":0,"_source":"http","_sourcetype":"raw","_time":"2026-02-10T08:20:15.2Z","index":"backend"}
{"_outlier":false,"_raw":"{\"timestamp\":\"2026-02-10T08:21:03.300Z\",\"level\":\"INFO\",\"service\":\"payment-service\",\"instance\":\"pay-svc-pod-5e6f\",\"trace_id\":\"t-abc023\",\"span_id\":\"s-023\",\"user_id\":\"usr-2006\",\"method\":\"POST\",\"path\":\"/webhooks/stripe\",\"status\":200,\"duration_ms\":87,\"memory_mb\":450.1,\"cpu_pct\":25.3,\"amount_cents\":12000,\"message\":\"Stripe webhook processed successfully\"}","_score":0,"_source":"http","_sourcetype":"raw","_time":"2026-02-10T08:21:03.3Z","index":"backend"}
{"_outlier":false,"_raw":"{\"timestamp\":\"2026-02-10T08:30:05.200Z\",\"level\":\"INFO\",\"service\":\"project-service\",\"instance\":\"proj-svc-pod-2b1c\",\"trace_id\":\"t-abc003\",\"span_id\":\"s-003\",\"user_id\":\"usr-1003\",\"method\":\"GET\",\"path\":\"/api/v2/projects\",\"status\":200,\"duration_ms\":52,\"memory_mb\":312.5,\"cpu_pct\":18.7,\"message\":\"Projects listed\"}","_score":0,"_source":"http","_sourcetype":"raw","_time":"2026-02-10T08:30:05.2Z","index":"backend"}
{"_outlier":false,"_raw":"{\"timestamp\":\"2026-02-10T08:32:18.300Z\",\"level\":\"INFO\",\"service\":\"project-service\",\"instance\":\"proj-svc-pod-2b1c\",\"trace_id\":\"t-abc004\",\"span_id\":\"s-004\",\"user_id\":\"usr-1003\",\"method\":\"POST\",\"path\":\"/api/v2/projects\",\"status\":201,\"duration_ms\":120,\"memory_mb\":315.2,\"cpu_pct\":22.1,\"message\":\"Project created: analytics-v2\"}","_score":0,"_source":"http","_sourcetype":"raw","_time":"2026-02-10T08:32:18.3Z","index":"backend"}
{"_outlier":false,"_raw":"{\"timestamp\":\"2026-02-10T08:45:01.400Z\",\"level\":\"WARN\",\"service\":\"gateway-service\",\"instance\":\"gw-pod-1a2b\",\"trace_id\":\"t-abc005\",\"span_id\":\"s-005\",\"client_ip\":\"203.0.113.77\",\"method\":\"GET\",\"path\":\"/api/v2/users\",\"status\":400,\"duration_ms\":3,\"memory_mb\":180.2,\"cpu_pct\":5.1,\"threat_type\":\"sqli\",\"message\":\"SQL injection attempt detected\"}","_score":0,"_source":"http","_sourcetype":"raw","_time":"2026-02-10T08:45:01.4Z","index":"backend"}
{"_outlier":false,"_raw":"{\"timestamp\":\"2026-02-10T08:45:30.500Z\",\"level\":\"WARN\",\"service\":\"gateway-service\",\"instance\":\"gw-pod-1a2b\",\"trace_id\":\"t-abc006\",\"span_id\":\"s-006\",\"client_ip\":\"203.0.113.77\",\"method\":\"GET\",\"path\":\"/../../etc/passwd\",\"status\":403,\"duration_ms\":2,\"memory_mb\":180.5,\"cpu_pct\":5.3,\"threat_type\":\"path_traversal\",\"message\":\"Path traversal attempt blocked\"}","_score":0,"_source":"http","_sourcetype":"raw","_time":"2026-02-10T08:45:30.5Z","index":"backend"}
{"_outlier":false,"_raw":"{\"timestamp\":\"2026-02-10T08:45:30.700Z\",\"level\":\"INFO\",\"service\":\"deploy-service\",\"instance\":\"deploy-svc-pod-3c4d\",\"trace_id\":\"t-abc008\",\"span_id\":\"s-008\",\"user_id\":\"usr-1003\",\"method\":\"POST\",\"path\":\"/api/v2/deployments\",\"status\":201,\"duration_ms\":340,\"memory_mb\":290.1,\"cpu_pct\":35.2,\"message\":\"Deployment initiated: analytics-v2 to production\"}","_score":0,"_source":"http","_sourcetype":"raw","_time":"2026-02-10T08:45:30.7Z","index":"backend"}
