{"duration_ms":5230,"rolling_avg":5230,"service":"payment-service"}
{"duration_ms":5110,"rolling_avg":5170,"service":"payment-service"}
{"duration_ms":87,"rolling_avg":3475.6666666666665,"service":"payment-service"}
{"duration_ms":5200,"rolling_avg":3906.75,"service":"payment-service"}
{"duration_ms":5100,"rolling_avg":4145.4,"service":"payment-service"}
{"duration_ms":180,"rolling_avg":3135.4,"service":"payment-service"}
{"duration_ms":5300,"rolling_avg":3173.4,"service":"payment-service"}
